// Jest Snapshot v1, https://goo.gl/fbAQLP

exports[`should render initial state 1`] = `
<div>
  <h2>
    Github Search Results:
  </h2>
</div>
`;
